---
http_interactions:
- request:
    method: get
    uri: http://192.168.33.10:8181/v1/members/user@example.com
    body:
      encoding: US-ASCII
      string: ''
    headers:
      User-Agent:
      - Faraday v0.9.1
      Authorization:
      - Token token="b15916572f150bd8a665e27b1f5b69b8"
      Accept:
      - application/json
      Content-Type:
      - application/json
      Accept-Encoding:
      - gzip;q=1.0,deflate;q=0.6,identity;q=0.3
  response:
    status:
      code: 200
      message: 'OK '
    headers:
      X-Frame-Options:
      - SAMEORIGIN
      X-Xss-Protection:
      - 1; mode=block
      X-Content-Type-Options:
      - nosniff
      Content-Type:
      - application/json; charset=utf-8
      Etag:
      - '"b0a2319f43b6b358d0f4f4ab5cb87756"'
      Cache-Control:
      - max-age=0, private, must-revalidate
      X-Request-Id:
      - 9ae2533e-24f4-4508-b68f-c037de648978
      X-Runtime:
      - '0.018296'
      Server:
      - WEBrick/1.3.1 (Ruby/2.1.2/2014-05-08)
      Date:
      - Wed, 18 Mar 2015 13:44:29 GMT
      Content-Length:
      - '315'
      Connection:
      - Keep-Alive
    body:
      encoding: UTF-8
      string: '{"_meta":{},"_payload":{"id":3,"email":"user@example.com","first_name":"Neil","last_name":"deGrasse
        Tyson","address1":"1234 Scientist Way","address2":"Ste. 42","city":"Intelligenceville","state":"VT","zip":"12345","country":"USA","work_phone":"555-555-5555","email_status":null,"date_joined":"2015-03-18
        13:44:29"}}'
    http_version: 
  recorded_at: Wed, 18 Mar 2015 13:44:29 GMT
- request:
    method: delete
    uri: http://192.168.33.10:8181/v1/members/user@example.com/subscriptions/something_else
    body:
      encoding: US-ASCII
      string: ''
    headers:
      User-Agent:
      - Faraday v0.9.1
      Authorization:
      - Token token="b15916572f150bd8a665e27b1f5b69b8"
      Accept:
      - application/json
      Content-Type:
      - application/json
      Accept-Encoding:
      - gzip;q=1.0,deflate;q=0.6,identity;q=0.3
  response:
    status:
      code: 204
      message: 'No Content '
    headers:
      X-Frame-Options:
      - SAMEORIGIN
      X-Xss-Protection:
      - 1; mode=block
      X-Content-Type-Options:
      - nosniff
      Cache-Control:
      - no-cache
      X-Request-Id:
      - 67a087a6-f976-45ef-846c-88243709c9b8
      X-Runtime:
      - '0.026803'
      Server:
      - WEBrick/1.3.1 (Ruby/2.1.2/2014-05-08)
      Date:
      - Wed, 18 Mar 2015 13:44:29 GMT
      Connection:
      - Keep-Alive
    body:
      encoding: UTF-8
      string: ''
    http_version: 
  recorded_at: Wed, 18 Mar 2015 13:44:29 GMT
- request:
    method: get
    uri: http://192.168.33.10:8181/v1/members/user@example.com/subscriptions/something_else
    body:
      encoding: US-ASCII
      string: ''
    headers:
      User-Agent:
      - Faraday v0.9.1
      Authorization:
      - Token token="b15916572f150bd8a665e27b1f5b69b8"
      Accept:
      - application/json
      Content-Type:
      - application/json
      Accept-Encoding:
      - gzip;q=1.0,deflate;q=0.6,identity;q=0.3
  response:
    status:
      code: 200
      message: 'OK '
    headers:
      X-Frame-Options:
      - SAMEORIGIN
      X-Xss-Protection:
      - 1; mode=block
      X-Content-Type-Options:
      - nosniff
      Content-Type:
      - application/json; charset=utf-8
      Etag:
      - '"1b75c89d36c2ba701993f61b3f26bcfa"'
      Cache-Control:
      - max-age=0, private, must-revalidate
      X-Request-Id:
      - 6e7dffb3-0f38-4542-a9b7-fc006ff5c2de
      X-Runtime:
      - '0.019090'
      Server:
      - WEBrick/1.3.1 (Ruby/2.1.2/2014-05-08)
      Date:
      - Wed, 18 Mar 2015 13:44:29 GMT
      Content-Length:
      - '292'
      Connection:
      - Keep-Alive
    body:
      encoding: UTF-8
      string: '{"_meta":{"count":1},"_payload":[{"id":5,"active":false,"member_email":"user@example.com","list":"something_else","date_subscribed":"2015-03-18
        13:44:29","date_unsubscribed":"2015-03-18 13:44:29","source_ip":"0.0.0.0","unsubscribe_ip":"0.0.0.0","unsubscribe_message_id":0,"complaint":false}]}'
    http_version: 
  recorded_at: Wed, 18 Mar 2015 13:44:29 GMT
recorded_with: VCR 2.9.3
